Compilazione avviata 23/04/2026 09:14:38.
     1>Progetto "C:\Users\mfarh\OneDrive\Desktop\proggGymbro\gymbro\backend\Betterfit.sln" sul nodo 1 (destinazioni: Restore).
     1>ValidateSolutionConfiguration:
         Compilazione della configurazione di soluzione "Debug|Any CPU" in corso.
     1>Compilazione progetto "C:\Users\mfarh\OneDrive\Desktop\proggGymbro\gymbro\backend\Betterfit.sln" (destinazioni: Restore) NON RIUSCITA.

Compilazione NON RIUSCITA.
    Avvisi: 0
    Errori: 0

Tempo trascorso 00:00:01.65
